
> frontend@0.1.0 dev
> next dev

   Γû▓ Next.js 15.0.2
   - Local:        http://localhost:3000
   - Environments: .env.local

 Γ£ô Starting...
 Γ£ô Ready in 3.9s
 Γ£ô Compiled /src/middleware in 254ms (91 modules)
 Γùï Compiling /api/chat ...
 Γ£ô Compiled /api/chat in 1431ms (317 modules)
 POST /api/chat 200 in 7269ms
 Γùï Compiling /api/generate-image ...
 Γ£ô Compiled /api/generate-image in 1317ms (413 modules)
Received data: { generatedText: 'test', imagePrompt: 'a calm ocean at dawn' }
node.exe : (node:21200) [DEP0169] DeprecationWarning: `url.parse()` behavior is not standardized and prone to errors 
that have security implications. Use the WHATWG URL API instead. CVEs are not issued for `url.parse()` vulnerabilities.
At line:1 char:1
+ & "C:\Program Files\nodejs/node.exe" "C:\Program Files\nodejs/node_mo ...
+ ~~~~~~~~~~~~~~~~~~~~~~~~~~~~~~~~~~~~~~~~~~~~~~~~~~~~~~~~~~~~~~~~~~~~~
    + CategoryInfo          : NotSpecified: ((node:21200) [D...ulnerabilities.:String) [], RemoteException
    + FullyQualifiedErrorId : NativeCommandError
 
(Use `node --trace-deprecation ...` to show where the warning was created)
Image generation failed: Error [AxiosError]: Request failed with status code 500
    at async POST (webpack:///src/app/api/generate-image/route.ts?cb1b:15:16)
    at async AppRouteRouteModule.do (file:///C:/Users/Winstone/Desktop/Winstone/Samsung%20AI/Project%20Capstone/Support
Safe/frontend/node_modules/next/dist/compiled/next-server/dist/src/server/route-modules/app-route/module.ts:525:14)
    at async AppRouteRouteModule.handle (file:///C:/Users/Winstone/Desktop/Winstone/Samsung%20AI/Project%20Capstone/Sup
portSafe/frontend/node_modules/next/dist/compiled/next-server/dist/src/server/route-modules/app-route/module.ts:652:30)
    at async doRender (file:///C:/Users/Winstone/Desktop/Winstone/Samsung%20AI/Project%20Capstone/SupportSafe/frontend/
node_modules/next/src/server/base-server.ts:2570:29)
    at async responseGenerator (file:///C:/Users/Winstone/Desktop/Winstone/Samsung%20AI/Project%20Capstone/SupportSafe/
frontend/node_modules/next/src/server/base-server.ts:3066:21)
    at async DevServer.renderToResponseWithComponentsImpl (file:///C:/Users/Winstone/Desktop/Winstone/Samsung%20AI/Proj
ect%20Capstone/SupportSafe/frontend/node_modules/next/src/server/base-server.ts:3121:23)
    at async DevServer.renderPageComponent (file:///C:/Users/Winstone/Desktop/Winstone/Samsung%20AI/Project%20Capstone/
SupportSafe/frontend/node_modules/next/src/server/base-server.ts:3676:15)
    at async DevServer.renderToResponseImpl (file:///C:/Users/Winstone/Desktop/Winstone/Samsung%20AI/Project%20Capstone
/SupportSafe/frontend/node_modules/next/src/server/base-server.ts:3738:23)
    at async DevServer.pipeImpl (file:///C:/Users/Winstone/Desktop/Winstone/Samsung%20AI/Project%20Capstone/SupportSafe
/frontend/node_modules/next/src/server/base-server.ts:1738:20)
    at async NextNodeServer.handleCatchallRenderRequest (file:///C:/Users/Winstone/Desktop/Winstone/Samsung%20AI/Projec
t%20Capstone/SupportSafe/frontend/node_modules/next/src/server/next-server.ts:1032:6)
    at async DevServer.handleRequestImpl (file:///C:/Users/Winstone/Desktop/Winstone/Samsung%20AI/Project%20Capstone/Su
pportSafe/frontend/node_modules/next/src/server/base-server.ts:1498:8)
    at async (file:///C:/Users/Winstone/Desktop/Winstone/Samsung%20AI/Project%20Capstone/SupportSafe/frontend/node_modu
les/next/src/server/dev/next-dev-server.ts:514:13)
    at async Span.traceAsyncFn (file:///C:/Users/Winstone/Desktop/Winstone/Samsung%20AI/Project%20Capstone/SupportSafe/
frontend/node_modules/next/src/trace/trace.ts:143:13)
    at async DevServer.handleRequest (file:///C:/Users/Winstone/Desktop/Winstone/Samsung%20AI/Project%20Capstone/Suppor
tSafe/frontend/node_modules/next/src/server/dev/next-dev-server.ts:512:19)
    at async invokeRender (file:///C:/Users/Winstone/Desktop/Winstone/Samsung%20AI/Project%20Capstone/SupportSafe/front
end/node_modules/next/src/server/lib/router-server.ts:284:10)
    at async handleRequest (file:///C:/Users/Winstone/Desktop/Winstone/Samsung%20AI/Project%20Capstone/SupportSafe/fron
tend/node_modules/next/src/server/lib/router-server.ts:530:15)
    at async requestHandlerImpl (file:///C:/Users/Winstone/Desktop/Winstone/Samsung%20AI/Project%20Capstone/SupportSafe
/frontend/node_modules/next/src/server/lib/router-server.ts:576:6)
    at async Server.requestListener (file:///C:/Users/Winstone/Desktop/Winstone/Samsung%20AI/Project%20Capstone/Support
Safe/frontend/node_modules/next/src/server/lib/start-server.ts:146:6)
  13 |
  14 |     // Mocking the image generation API response with multiple images
> 15 |     const res = await axios.post(
     |                ^
  16 |       `${process.env.NEXT_PUBLIC_BACKEND_URL}/generate-image`,
  17 |       { prompt: data.imagePrompt }
  18 |     ); {
  code: 'ERR_BAD_RESPONSE',
  config: [Object],
  request: [ClientRequest],
  response: [Object],
  status: 500,
  constructor: [Function],
  toJSON: [Function: toJSON]
}
 POST /api/generate-image 500 in 2675ms
 Γùï Compiling / ...
 Γ£ô Compiled / in 2.6s (986 modules)
 GET / 200 in 3073ms
 Γ£ô Compiled in 546ms (413 modules)
 POST /api/chat 200 in 3908ms
Received data: { generatedText: 'test', imagePrompt: 'a calm ocean at dawn' }
Image generation failed: Error [AxiosError]: Request failed with status code 500
    at async POST (webpack:///src/app/api/generate-image/route.ts?cb1b:15:16)
    at async AppRouteRouteModule.do (file:///C:/Users/Winstone/Desktop/Winstone/Samsung%20AI/Project%20Capstone/Support
Safe/frontend/node_modules/next/dist/compiled/next-server/dist/src/server/route-modules/app-route/module.ts:525:14)
    at async AppRouteRouteModule.handle (file:///C:/Users/Winstone/Desktop/Winstone/Samsung%20AI/Project%20Capstone/Sup
portSafe/frontend/node_modules/next/dist/compiled/next-server/dist/src/server/route-modules/app-route/module.ts:652:30)
    at async doRender (file:///C:/Users/Winstone/Desktop/Winstone/Samsung%20AI/Project%20Capstone/SupportSafe/frontend/
node_modules/next/src/server/base-server.ts:2570:29)
    at async responseGenerator (file:///C:/Users/Winstone/Desktop/Winstone/Samsung%20AI/Project%20Capstone/SupportSafe/
frontend/node_modules/next/src/server/base-server.ts:3066:21)
    at async DevServer.renderToResponseWithComponentsImpl (file:///C:/Users/Winstone/Desktop/Winstone/Samsung%20AI/Proj
ect%20Capstone/SupportSafe/frontend/node_modules/next/src/server/base-server.ts:3121:23)
    at async DevServer.renderPageComponent (file:///C:/Users/Winstone/Desktop/Winstone/Samsung%20AI/Project%20Capstone/
SupportSafe/frontend/node_modules/next/src/server/base-server.ts:3676:15)
    at async DevServer.renderToResponseImpl (file:///C:/Users/Winstone/Desktop/Winstone/Samsung%20AI/Project%20Capstone
/SupportSafe/frontend/node_modules/next/src/server/base-server.ts:3738:23)
    at async DevServer.pipeImpl (file:///C:/Users/Winstone/Desktop/Winstone/Samsung%20AI/Project%20Capstone/SupportSafe
/frontend/node_modules/next/src/server/base-server.ts:1738:20)
    at async NextNodeServer.handleCatchallRenderRequest (file:///C:/Users/Winstone/Desktop/Winstone/Samsung%20AI/Projec
t%20Capstone/SupportSafe/frontend/node_modules/next/src/server/next-server.ts:1032:6)
    at async DevServer.handleRequestImpl (file:///C:/Users/Winstone/Desktop/Winstone/Samsung%20AI/Project%20Capstone/Su
pportSafe/frontend/node_modules/next/src/server/base-server.ts:1498:8)
    at async (file:///C:/Users/Winstone/Desktop/Winstone/Samsung%20AI/Project%20Capstone/SupportSafe/frontend/node_modu
les/next/src/server/dev/next-dev-server.ts:514:13)
    at async Span.traceAsyncFn (file:///C:/Users/Winstone/Desktop/Winstone/Samsung%20AI/Project%20Capstone/SupportSafe/
frontend/node_modules/next/src/trace/trace.ts:143:13)
    at async DevServer.handleRequest (file:///C:/Users/Winstone/Desktop/Winstone/Samsung%20AI/Project%20Capstone/Suppor
tSafe/frontend/node_modules/next/src/server/dev/next-dev-server.ts:512:19)
    at async invokeRender (file:///C:/Users/Winstone/Desktop/Winstone/Samsung%20AI/Project%20Capstone/SupportSafe/front
end/node_modules/next/src/server/lib/router-server.ts:284:10)
    at async handleRequest (file:///C:/Users/Winstone/Desktop/Winstone/Samsung%20AI/Project%20Capstone/SupportSafe/fron
tend/node_modules/next/src/server/lib/router-server.ts:530:15)
    at async requestHandlerImpl (file:///C:/Users/Winstone/Desktop/Winstone/Samsung%20AI/Project%20Capstone/SupportSafe
/frontend/node_modules/next/src/server/lib/router-server.ts:576:6)
    at async Server.requestListener (file:///C:/Users/Winstone/Desktop/Winstone/Samsung%20AI/Project%20Capstone/Support
Safe/frontend/node_modules/next/src/server/lib/start-server.ts:146:6)
  13 |
  14 |     // Mocking the image generation API response with multiple images
> 15 |     const res = await axios.post(
     |                ^
  16 |       `${process.env.NEXT_PUBLIC_BACKEND_URL}/generate-image`,
  17 |       { prompt: data.imagePrompt }
  18 |     ); {
  code: 'ERR_BAD_RESPONSE',
  config: [Object],
  request: [ClientRequest],
  response: [Object],
  status: 500,
  constructor: [Function],
  toJSON: [Function: toJSON]
}
 POST /api/generate-image 500 in 1402ms
 GET / 200 in 59ms
