Watchpack Error (initial scan): Error: EINVAL: invalid argument, lstat 'C:\DumpStack.log.tmp'
Watchpack Error (initial scan): Error: EINVAL: invalid argument, lstat 'C:\hiberfil.sys'
Watchpack Error (initial scan): Error: EINVAL: invalid argument, lstat 'C:\pagefile.sys'
Watchpack Error (initial scan): Error: EINVAL: invalid argument, lstat 'C:\swapfile.sys'
Watchpack Error (initial scan): Error: EINVAL: invalid argument, lstat 'C:\DumpStack.log.tmp'
Watchpack Error (initial scan): Error: EINVAL: invalid argument, lstat 'C:\swapfile.sys'
Watchpack Error (initial scan): Error: EINVAL: invalid argument, lstat 'C:\hiberfil.sys'
Watchpack Error (initial scan): Error: EINVAL: invalid argument, lstat 'C:\pagefile.sys'
 ⨯ TypeError: __webpack_modules__[moduleId] is not a function
    at __webpack_require__ (C:\Users\Winstone\Desktop\Winstone\Samsung AI\Project Capstone\SupportSafe\frontend\.next\server\webpack-runtime.js:33:42)
    at __webpack_exec__ (C:\Users\Winstone\Desktop\Winstone\Samsung AI\Project Capstone\SupportSafe\frontend\.next\server\pages\_document.js:62:39)
    at <unknown> (C:\Users\Winstone\Desktop\Winstone\Samsung AI\Project Capstone\SupportSafe\frontend\.next\server\pages\_document.js:63:104)
    at __webpack_require__.X (C:\Users\Winstone\Desktop\Winstone\Samsung AI\Project Capstone\SupportSafe\frontend\.next\server\webpack-runtime.js:163:21)
    at <unknown> (C:\Users\Winstone\Desktop\Winstone\Samsung AI\Project Capstone\SupportSafe\frontend\.next\server\pages\_document.js:63:47)
    at Object.<anonymous> (C:\Users\Winstone\Desktop\Winstone\Samsung AI\Project Capstone\SupportSafe\frontend\.next\server\pages\_document.js:66:3)
    at call (file:///C:/Users/Winstone/Desktop/Winstone/Samsung%20AI/Project%20Capstone/SupportSafe/frontend/node_modules/next/src/server/require-hook.ts:70:25)
    at require (file:///C:/Users/Winstone/Desktop/Winstone/Samsung%20AI/Project%20Capstone/SupportSafe/frontend/node_modules/next/src/server/require.ts:121:8)
    at loadComponentsImpl (file:///C:/Users/Winstone/Desktop/Winstone/Samsung%20AI/Project%20Capstone/SupportSafe/frontend/node_modules/next/src/server/load-components.ts:138:18)
    at DevServer.findPageComponentsImpl (file:///C:/Users/Winstone/Desktop/Winstone/Samsung%20AI/Project%20Capstone/SupportSafe/frontend/node_modules/next/src/server/next-server.ts:777:48)
    at findPageComponentsImpl (file:///C:/Users/Winstone/Desktop/Winstone/Samsung%20AI/Project%20Capstone/SupportSafe/frontend/node_modules/next/src/server/next-server.ts:736:13)
    at fn (file:///C:/Users/Winstone/Desktop/Winstone/Samsung%20AI/Project%20Capstone/SupportSafe/frontend/node_modules/next/src/server/lib/trace/tracer.ts:351:27)
    at NoopContextManager.with (C:\Users\Winstone\Desktop\Winstone\Samsung AI\Project Capstone\SupportSafe\frontend\node_modules\next\dist\compiled\@opentelemetry\api\index.js:1:7062)
    at ContextAPI.with (C:\Users\Winstone\Desktop\Winstone\Samsung AI\Project Capstone\SupportSafe\frontend\node_modules\next\dist\compiled\@opentelemetry\api\index.js:1:518)
    at NoopTracer.startActiveSpan (C:\Users\Winstone\Desktop\Winstone\Samsung AI\Project Capstone\SupportSafe\frontend\node_modules\next\dist\compiled\@opentelemetry\api\index.js:1:18093)
    at ProxyTracer.startActiveSpan (C:\Users\Winstone\Desktop\Winstone\Samsung AI\Project Capstone\SupportSafe\frontend\node_modules\next\dist\compiled\@opentelemetry\api\index.js:1:18854)
    at startActiveSpan (file:///C:/Users/Winstone/Desktop/Winstone/Samsung%20AI/Project%20Capstone/SupportSafe/frontend/node_modules/next/src/server/lib/trace/tracer.ts:304:31)
    at NoopContextManager.with (C:\Users\Winstone\Desktop\Winstone\Samsung AI\Project Capstone\SupportSafe\frontend\node_modules\next\dist\compiled\@opentelemetry\api\index.js:1:7062)
    at ContextAPI.with (C:\Users\Winstone\Desktop\Winstone\Samsung AI\Project Capstone\SupportSafe\frontend\node_modules\next\dist\compiled\@opentelemetry\api\index.js:1:518)
    at spanContext (file:///C:/Users/Winstone/Desktop/Winstone/Samsung%20AI/Project%20Capstone/SupportSafe/frontend/node_modules/next/src/server/lib/trace/tracer.ts:303:24)
    at trace (file:///C:/Users/Winstone/Desktop/Winstone/Samsung%20AI/Project%20Capstone/SupportSafe/frontend/node_modules/next/src/server/next-server.ts:727:23)
    at findPageComponents (file:///C:/Users/Winstone/Desktop/Winstone/Samsung%20AI/Project%20Capstone/SupportSafe/frontend/node_modules/next/src/server/dev/next-dev-server.ts:881:25)
    at async DevServer.renderErrorToResponseImpl (file:///C:/Users/Winstone/Desktop/Winstone/Samsung%20AI/Project%20Capstone/SupportSafe/frontend/node_modules/next/src/server/base-server.ts:3993:17)
    at async pipe.req.req (file:///C:/Users/Winstone/Desktop/Winstone/Samsung%20AI/Project%20Capstone/SupportSafe/frontend/node_modules/next/src/server/base-server.ts:3897:25)
    at async DevServer.pipeImpl (file:///C:/Users/Winstone/Desktop/Winstone/Samsung%20AI/Project%20Capstone/SupportSafe/frontend/node_modules/next/src/server/base-server.ts:1738:20)
    at async DevServer.runMiddleware (file:///C:/Users/Winstone/Desktop/Winstone/Samsung%20AI/Project%20Capstone/SupportSafe/frontend/node_modules/next/src/server/dev/next-dev-server.ts:433:6)
    at async NextNodeServer.handleCatchallMiddlewareRequest (file:///C:/Users/Winstone/Desktop/Winstone/Samsung%20AI/Project%20Capstone/SupportSafe/frontend/node_modules/next/src/server/next-server.ts:1568:15)
    at async DevServer.handleRequestImpl (file:///C:/Users/Winstone/Desktop/Winstone/Samsung%20AI/Project%20Capstone/SupportSafe/frontend/node_modules/next/src/server/base-server.ts:1509:19)
    at async (file:///C:/Users/Winstone/Desktop/Winstone/Samsung%20AI/Project%20Capstone/SupportSafe/frontend/node_modules/next/src/server/dev/next-dev-server.ts:514:13)
    at async Span.traceAsyncFn (file:///C:/Users/Winstone/Desktop/Winstone/Samsung%20AI/Project%20Capstone/SupportSafe/frontend/node_modules/next/src/trace/trace.ts:143:13)
    at async DevServer.handleRequest (file:///C:/Users/Winstone/Desktop/Winstone/Samsung%20AI/Project%20Capstone/SupportSafe/frontend/node_modules/next/src/server/dev/next-dev-server.ts:512:19)
    at async handleRoute (file:///C:/Users/Winstone/Desktop/Winstone/Samsung%20AI/Project%20Capstone/SupportSafe/frontend/node_modules/next/src/server/lib/router-utils/resolve-routes.ts:492:16)
    at async resolveRoutes (file:///C:/Users/Winstone/Desktop/Winstone/Samsung%20AI/Project%20Capstone/SupportSafe/frontend/node_modules/next/src/server/lib/router-utils/resolve-routes.ts:786:21)
    at async handleRequest (file:///C:/Users/Winstone/Desktop/Winstone/Samsung%20AI/Project%20Capstone/SupportSafe/frontend/node_modules/next/src/server/lib/router-server.ts:338:10)
    at async requestHandlerImpl (file:///C:/Users/Winstone/Desktop/Winstone/Samsung%20AI/Project%20Capstone/SupportSafe/frontend/node_modules/next/src/server/lib/router-server.ts:576:6)
    at async Server.requestListener (file:///C:/Users/Winstone/Desktop/Winstone/Samsung%20AI/Project%20Capstone/SupportSafe/frontend/node_modules/next/src/server/lib/start-server.ts:146:6)
Watchpack Error (initial scan): Error: EINVAL: invalid argument, lstat 'C:\DumpStack.log.tmp'
Watchpack Error (initial scan): Error: EINVAL: invalid argument, lstat 'C:\hiberfil.sys'
Watchpack Error (initial scan): Error: EINVAL: invalid argument, lstat 'C:\pagefile.sys'
Watchpack Error (initial scan): Error: EINVAL: invalid argument, lstat 'C:\swapfile.sys'
Watchpack Error (stats): Error: EINVAL: invalid argument, lstat 'C:\pagefile.sys'
Watchpack Error (stats): Error: EINVAL: invalid argument, lstat 'C:\pagefile.sys'
Watchpack Error (stats): Error: EINVAL: invalid argument, lstat 'C:\pagefile.sys'
Watchpack Error (stats): Error: EINVAL: invalid argument, lstat 'C:\hiberfil.sys'
Watchpack Error (stats): Error: EINVAL: invalid argument, lstat 'C:\hiberfil.sys'
Watchpack Error (stats): Error: EINVAL: invalid argument, lstat 'C:\hiberfil.sys'
Watchpack Error (stats): Error: EINVAL: invalid argument, lstat 'C:\hiberfil.sys'
Watchpack Error (stats): Error: EINVAL: invalid argument, lstat 'C:\hiberfil.sys'
Watchpack Error (stats): Error: EINVAL: invalid argument, lstat 'C:\hiberfil.sys'
Watchpack Error (stats): Error: EINVAL: invalid argument, lstat 'C:\pagefile.sys'
Watchpack Error (stats): Error: EINVAL: invalid argument, lstat 'C:\pagefile.sys'
Watchpack Error (stats): Error: EINVAL: invalid argument, lstat 'C:\pagefile.sys'
Watchpack Error (stats): Error: EINVAL: invalid argument, lstat 'C:\pagefile.sys'
Watchpack Error (stats): Error: EINVAL: invalid argument, lstat 'C:\pagefile.sys'
Watchpack Error (stats): Error: EINVAL: invalid argument, lstat 'C:\pagefile.sys'
Watchpack Error (stats): Error: EINVAL: invalid argument, lstat 'C:\pagefile.sys'
Watchpack Error (stats): Error: EINVAL: invalid argument, lstat 'C:\pagefile.sys'
Watchpack Error (stats): Error: EINVAL: invalid argument, lstat 'C:\pagefile.sys'
Watchpack Error (stats): Error: EINVAL: invalid argument, lstat 'C:\pagefile.sys'
Watchpack Error (stats): Error: EINVAL: invalid argument, lstat 'C:\pagefile.sys'
Watchpack Error (stats): Error: EINVAL: invalid argument, lstat 'C:\pagefile.sys'
Watchpack Error (stats): Error: EINVAL: invalid argument, lstat 'C:\pagefile.sys'
Watchpack Error (stats): Error: EINVAL: invalid argument, lstat 'C:\pagefile.sys'
Watchpack Error (stats): Error: EINVAL: invalid argument, lstat 'C:\pagefile.sys'
Watchpack Error (stats): Error: EINVAL: invalid argument, lstat 'C:\pagefile.sys'
Watchpack Error (stats): Error: EINVAL: invalid argument, lstat 'C:\pagefile.sys'
Watchpack Error (stats): Error: EINVAL: invalid argument, lstat 'C:\pagefile.sys'
Watchpack Error (stats): Error: EINVAL: invalid argument, lstat 'C:\pagefile.sys'
Watchpack Error (stats): Error: EINVAL: invalid argument, lstat 'C:\pagefile.sys'
Watchpack Error (stats): Error: EINVAL: invalid argument, lstat 'C:\pagefile.sys'
Watchpack Error (stats): Error: EINVAL: invalid argument, lstat 'C:\pagefile.sys'
Watchpack Error (stats): Error: EINVAL: invalid argument, lstat 'C:\pagefile.sys'
Watchpack Error (stats): Error: EINVAL: invalid argument, lstat 'C:\pagefile.sys'
Watchpack Error (stats): Error: EINVAL: invalid argument, lstat 'C:\pagefile.sys'
Watchpack Error (stats): Error: EINVAL: invalid argument, lstat 'C:\pagefile.sys'
Watchpack Error (stats): Error: EINVAL: invalid argument, lstat 'C:\pagefile.sys'
