
> frontend@0.1.0 dev
> next dev

   ▲ Next.js 15.0.2
   - Local:        http://localhost:3000
   - Environments: .env.local

 ✓ Starting...
 ✓ Ready in 16.2s
 ○ Compiling /src/middleware ...
 ✓ Compiled /src/middleware in 2.5s (91 modules)
 ○ Compiling /_error ...
 ✓ Compiled /_error in 4.8s (270 modules)
 GET / 404 in 32ms
 ○ Compiling /_not-found ...
 ✓ Compiled /_not-found in 50.2s (1052 modules)
 ✓ Compiled in 691ms (594 modules)
 ✓ Compiled in 404ms (594 modules)
 ✓ Compiled in 218ms (594 modules)
 ✓ Compiled in 348ms (594 modules)
 ✓ Compiled in 210ms (594 modules)
 ✓ Compiled in 434ms (594 modules)
 ✓ Compiled in 261ms (594 modules)
 ✓ Compiled in 607ms (594 modules)
 ✓ Compiled in 259ms (594 modules)
 ✓ Compiled /_error in 349ms (635 modules)
 ✓ Compiled in 1191ms (594 modules)
 ✓ Compiled in 358ms (594 modules)
 ✓ Compiled in 602ms (594 modules)
 ✓ Compiled in 333ms (594 modules)
 ✓ Compiled in 306ms (594 modules)
 ✓ Compiled in 640ms (594 modules)
 ✓ Compiled in 905ms (594 modules)
 ✓ Compiled in 641ms (594 modules)
 ✓ Compiled in 601ms (594 modules)
 ✓ Compiled in 357ms (594 modules)
 ✓ Compiled in 504ms (594 modules)
 ✓ Compiled in 385ms (594 modules)
 ✓ Compiled in 338ms (594 modules)
 ✓ Compiled in 474ms (594 modules)
 ✓ Compiled in 749ms (594 modules)
 ✓ Compiled in 650ms (594 modules)
 ✓ Compiled in 298ms (594 modules)
 ✓ Compiled in 781ms (594 modules)
 ✓ Compiled in 354ms (594 modules)
 ✓ Compiled in 680ms (594 modules)
 ✓ Compiled in 364ms (594 modules)
 ✓ Compiled in 435ms (594 modules)
 ✓ Compiled in 673ms (594 modules)
 ✓ Compiled in 483ms (594 modules)
 ✓ Compiled in 442ms (594 modules)
 ✓ Compiled in 386ms (594 modules)
 ✓ Compiled in 392ms (594 modules)
 ✓ Compiled in 526ms (594 modules)
 ✓ Compiled in 692ms (594 modules)
 ✓ Compiled in 336ms (594 modules)
 ✓ Compiled in 383ms (594 modules)
 ✓ Compiled in 402ms (594 modules)
 ○ Compiling /_error ...
 ✓ Compiled /_error in 1146ms (649 modules)
 ✓ Compiled in 543ms (594 modules)
 ✓ Compiled in 284ms (594 modules)
 ✓ Compiled in 393ms (594 modules)
 ✓ Compiled in 288ms (594 modules)
 ✓ Compiled in 448ms (594 modules)
 ✓ Compiled in 360ms (594 modules)
[?25h
